2026-04-16 14:25:29 | INFO | ApexGhostSystem | Logging system initialized.
2026-04-16 14:25:29 | INFO | ApexGhostSystem | Log file: C:\Users\tmvundla\Personal_Dev\ApexGhostSystem\logs\apex_ghost.log
2026-04-16 14:25:29 | INFO | ApexGhostSystem | Project paths verified successfully.
2026-04-16 14:25:29 | INFO | ApexGhostSystem | Starting awakening scheduler...
2026-04-16 14:26:43 | INFO | ApexGhostSystem | Apex Ghost stopped by user.
2026-04-16 14:27:01 | INFO | ApexGhostSystem | Logging system initialized.
2026-04-16 14:27:01 | INFO | ApexGhostSystem | Log file: C:\Users\tmvundla\Personal_Dev\ApexGhostSystem\logs\apex_ghost.log
2026-04-16 14:27:01 | INFO | ApexGhostSystem | Project paths verified successfully.
2026-04-16 14:27:01 | INFO | ApexGhostSystem | Starting awakening scheduler...
2026-04-16 14:28:06 | INFO | ApexGhostSystem | Apex Ghost stopped by user.
2026-04-16 14:28:14 | INFO | ApexGhostSystem | Logging system initialized.
2026-04-16 14:28:14 | INFO | ApexGhostSystem | Log file: C:\Users\tmvundla\Personal_Dev\ApexGhostSystem\logs\apex_ghost.log
2026-04-16 14:28:14 | INFO | ApexGhostSystem | Project paths verified successfully.
2026-04-16 14:28:14 | INFO | ApexGhostSystem | Starting awakening scheduler...
2026-04-16 14:31:24 | INFO | ApexGhostSystem | Apex Ghost stopped by user.
2026-04-17 10:20:16 | INFO | ApexGhostSystem | Logging system initialized.
2026-04-17 10:20:16 | INFO | ApexGhostSystem | Log file: C:\Users\tmvundla\Personal_Dev\ApexGhostSystem\logs\apex_ghost.log
2026-04-17 10:20:16 | INFO | ApexGhostSystem | Project paths verified successfully.
2026-04-17 10:20:16 | INFO | ApexGhostSystem | Starting Apex Ghost CLI menu...
2026-04-17 10:20:36 | INFO | ApexGhostSystem | Apex Ghost stopped by user.
2026-04-17 10:46:07 | INFO | ApexGhostSystem | Logging system initialized.
2026-04-17 10:46:07 | INFO | ApexGhostSystem | Log file: C:\Users\tmvundla\Personal_Dev\ApexGhostSystem\logs\apex_ghost.log
2026-04-17 10:46:07 | INFO | ApexGhostSystem | Project paths verified successfully.
2026-04-17 10:46:07 | INFO | ApexGhostSystem | Starting Apex Ghost CLI menu...
2026-04-17 10:52:03 | INFO | ApexGhostSystem | Logging system initialized.
2026-04-17 10:52:03 | INFO | ApexGhostSystem | Log file: C:\Users\tmvundla\Personal_Dev\ApexGhostSystem\logs\apex_ghost.log
2026-04-17 10:52:03 | INFO | ApexGhostSystem | Project paths verified successfully.
2026-04-17 10:52:03 | INFO | ApexGhostSystem | Starting Apex Ghost CLI menu...
2026-04-17 15:01:43 | INFO | ApexGhostSystem | Logging system initialized.
2026-04-17 15:01:43 | INFO | ApexGhostSystem | Log file: C:\Users\tmvundla\Personal_Dev\ApexGhostSystem\logs\apex_ghost.log
2026-04-17 15:01:43 | INFO | ApexGhostSystem | Project paths verified successfully.
2026-04-17 15:01:43 | INFO | ApexGhostSystem | Starting Apex Ghost CLI menu...
2026-04-17 15:22:27 | INFO | ApexGhostSystem | Logging system initialized.
2026-04-17 15:22:27 | INFO | ApexGhostSystem | Log file: C:\Users\tmvundla\Personal_Dev\ApexGhostSystem\logs\apex_ghost.log
2026-04-17 15:22:27 | INFO | ApexGhostSystem | Project paths verified successfully.
2026-04-17 15:22:27 | INFO | ApexGhostSystem | Starting Apex Ghost CLI menu...
2026-04-17 16:04:27 | INFO | ApexGhostSystem | Logging system initialized.
2026-04-17 16:04:27 | INFO | ApexGhostSystem | Log file: C:\Users\tmvundla\Personal_Dev\ApexGhostSystem\logs\apex_ghost.log
2026-04-17 16:04:27 | INFO | ApexGhostSystem | Project paths verified successfully.
2026-04-17 16:04:27 | INFO | ApexGhostSystem | Starting Apex Ghost CLI menu...
2026-04-18 18:42:46 | INFO | ApexGhostSystem | Logging system initialized.
2026-04-18 18:42:46 | INFO | ApexGhostSystem | Log file: C:\Users\tmvundla\Personal_Dev\ApexGhostSystem\logs\apex_ghost.log
2026-04-18 18:42:46 | INFO | ApexGhostSystem | Project paths verified successfully.
2026-04-18 18:42:46 | INFO | ApexGhostSystem | Starting Apex Ghost CLI menu...
2026-04-19 09:08:50 | INFO | ApexGhostSystem | Logging system initialized.
2026-04-19 09:08:50 | INFO | ApexGhostSystem | Log file: C:\Users\tmvundla\Personal_Dev\ApexGhostSystem\logs\apex_ghost.log
2026-04-19 09:08:50 | INFO | ApexGhostSystem | Project paths verified successfully.
2026-04-19 09:08:50 | INFO | ApexGhostSystem | Starting Apex Ghost CLI menu...
2026-04-19 09:32:23 | INFO | ApexGhostSystem | Logging system initialized.
2026-04-19 09:32:23 | INFO | ApexGhostSystem | Log file: C:\Users\tmvundla\Personal_Dev\ApexGhostSystem\logs\apex_ghost.log
2026-04-19 09:32:23 | INFO | ApexGhostSystem | Project paths verified successfully.
2026-04-19 09:32:23 | INFO | ApexGhostSystem | Starting Apex Ghost CLI menu...
2026-04-20 08:18:31 | INFO | ApexGhostSystem | Logging system initialized.
2026-04-20 08:18:31 | INFO | ApexGhostSystem | Log file: C:\Users\tmvundla\Personal_Dev\ApexGhostSystem\logs\apex_ghost.log
2026-04-20 08:18:31 | INFO | ApexGhostSystem | Project paths verified successfully.
2026-04-20 08:18:31 | INFO | ApexGhostSystem | Starting Apex Ghost CLI menu...
2026-04-21 07:36:08 | ERROR | ApexGhostSystem | Fatal error in main(): [WinError 233] No process is on the other end of the pipe
Traceback (most recent call last):
  File "C:\Users\tmvundla\Personal_Dev\ApexGhostSystem\main.py", line 28, in main
    run_cli_menu()
    ~~~~~~~~~~~~^^
  File "C:\Users\tmvundla\Personal_Dev\ApexGhostSystem\ui\cli.py", line 83, in main
    choice = input("Enter your choice: ").strip()
             ~~~~~^^^^^^^^^^^^^^^^^^^^^^^
OSError: [WinError 233] No process is on the other end of the pipe
2026-04-21 13:00:22 | INFO | ApexGhostSystem | Logging system initialized.
2026-04-21 13:00:22 | INFO | ApexGhostSystem | Log file: C:\Users\tmvundla\Personal_Dev\ApexGhostSystem\logs\apex_ghost.log
2026-04-21 13:00:22 | INFO | ApexGhostSystem | Project paths verified successfully.
2026-04-21 13:00:22 | INFO | ApexGhostSystem | Starting Apex Ghost CLI menu...
2026-04-22 10:50:07 | INFO | ApexGhostSystem | Logging system initialized.
2026-04-22 10:50:07 | INFO | ApexGhostSystem | Log file: C:\Users\tmvundla\Personal_Dev\ApexGhostSystem\logs\apex_ghost.log
2026-04-22 10:50:07 | INFO | ApexGhostSystem | Project paths verified successfully.
2026-04-22 10:50:07 | INFO | ApexGhostSystem | Starting Apex Ghost CLI menu...
2026-04-23 10:55:51 | INFO | ApexGhostSystem | Logging system initialized.
2026-04-23 10:55:51 | INFO | ApexGhostSystem | Log file: C:\Users\tmvundla\Personal_Dev\ApexGhostSystem\logs\apex_ghost.log
2026-04-23 10:55:51 | INFO | ApexGhostSystem | Project paths verified successfully.
2026-04-23 10:55:51 | INFO | ApexGhostSystem | Starting Apex Ghost CLI menu...
2026-07-03 16:54:26 | INFO | ApexGhostSystem | Logging system initialized.
2026-07-03 16:54:26 | INFO | ApexGhostSystem | Log file: C:\Users\tmvundla\Personal_Dev\ApexGhostSystem\logs\apex_ghost.log
2026-07-03 16:54:26 | INFO | ApexGhostSystem | Project paths and database verified successfully.
2026-07-03 16:54:27 | ERROR | ApexGhostSystem | Fatal error in main(): No module named 'requests'
Traceback (most recent call last):
  File "C:\Users\tmvundla\Personal_Dev\ApexGhostSystem\main.py", line 50, in main
    from ui.cli import main as run_cli_menu
  File "C:\Users\tmvundla\Personal_Dev\ApexGhostSystem\ui\cli.py", line 11, in <module>
    from scrapers.intelligence_service import run_intelligence_brief
  File "C:\Users\tmvundla\Personal_Dev\ApexGhostSystem\scrapers\intelligence_service.py", line 14, in <module>
    from scrapers.trends import TrendsScraper, TrendItem
  File "C:\Users\tmvundla\Personal_Dev\ApexGhostSystem\scrapers\trends.py", line 16, in <module>
    import requests
ModuleNotFoundError: No module named 'requests'
2026-07-03 16:54:44 | INFO | ApexGhostSystem | Logging system initialized.
2026-07-03 16:54:44 | INFO | ApexGhostSystem | Log file: C:\Users\tmvundla\Personal_Dev\ApexGhostSystem\logs\apex_ghost.log
2026-07-03 16:54:44 | INFO | ApexGhostSystem | Project paths and database verified successfully.
2026-07-03 16:54:45 | ERROR | ApexGhostSystem | Fatal error in main(): No module named 'requests'
Traceback (most recent call last):
  File "C:\Users\tmvundla\Personal_Dev\ApexGhostSystem\main.py", line 50, in main
    from ui.cli import main as run_cli_menu
  File "C:\Users\tmvundla\Personal_Dev\ApexGhostSystem\ui\cli.py", line 11, in <module>
    from scrapers.intelligence_service import run_intelligence_brief
  File "C:\Users\tmvundla\Personal_Dev\ApexGhostSystem\scrapers\intelligence_service.py", line 14, in <module>
    from scrapers.trends import TrendsScraper, TrendItem
  File "C:\Users\tmvundla\Personal_Dev\ApexGhostSystem\scrapers\trends.py", line 16, in <module>
    import requests
ModuleNotFoundError: No module named 'requests'
2026-07-03 16:55:14 | INFO | ApexGhostSystem | Logging system initialized.
2026-07-03 16:55:14 | INFO | ApexGhostSystem | Log file: C:\Users\tmvundla\Personal_Dev\ApexGhostSystem\logs\apex_ghost.log
2026-07-03 16:55:14 | INFO | ApexGhostSystem | Project paths and database verified successfully.
2026-07-03 16:55:14 | ERROR | ApexGhostSystem | Fatal error in main(): No module named 'requests'
Traceback (most recent call last):
  File "C:\Users\tmvundla\Personal_Dev\ApexGhostSystem\main.py", line 50, in main
    from ui.cli import main as run_cli_menu
  File "C:\Users\tmvundla\Personal_Dev\ApexGhostSystem\ui\cli.py", line 11, in <module>
    from scrapers.intelligence_service import run_intelligence_brief
  File "C:\Users\tmvundla\Personal_Dev\ApexGhostSystem\scrapers\intelligence_service.py", line 14, in <module>
    from scrapers.trends import TrendsScraper, TrendItem
  File "C:\Users\tmvundla\Personal_Dev\ApexGhostSystem\scrapers\trends.py", line 16, in <module>
    import requests
ModuleNotFoundError: No module named 'requests'
2026-07-03 17:16:08 | INFO | ApexGhostSystem | Logging system initialized.
2026-07-03 17:16:08 | INFO | ApexGhostSystem | Log file: C:\Users\tmvundla\Personal_Dev\ApexGhostSystem\logs\apex_ghost.log
2026-07-03 17:16:08 | INFO | ApexGhostSystem | Project paths and database verified successfully.
2026-07-03 17:16:09 | INFO | ApexGhostSystem | Starting Apex Ghost CLI menu...
2026-07-07 08:53:28 | INFO | ApexGhostSystem | Logging system initialized.
2026-07-07 08:53:28 | INFO | ApexGhostSystem | Log file: C:\Users\tmvundla\Personal_Dev\ApexGhostSystem\logs\apex_ghost.log
2026-07-07 08:53:28 | INFO | ApexGhostSystem | Project paths and database verified successfully.
2026-07-07 08:53:28 | INFO | ApexGhostSystem | Starting Apex Ghost CLI menu...
2026-07-07 09:08:38 | INFO | ApexGhostSystem | Apex Ghost stopped by user.
2026-07-07 09:08:52 | INFO | ApexGhostSystem | Logging system initialized.
2026-07-07 09:08:52 | INFO | ApexGhostSystem | Log file: C:\Users\tmvundla\Personal_Dev\ApexGhostSystem\logs\apex_ghost.log
2026-07-07 09:08:52 | INFO | ApexGhostSystem | Project paths and database verified successfully.
2026-07-07 09:08:52 | INFO | ApexGhostSystem | Starting Apex Ghost CLI menu...
2026-07-07 09:43:33 | INFO | ApexGhostSystem | Apex Ghost stopped by user.
2026-07-09 11:29:00 | INFO | ApexGhostSystem | Logging system initialized.
2026-07-09 11:29:00 | INFO | ApexGhostSystem | Log file: C:\Users\tmvundla\Personal_Dev\ApexGhostSystem\logs\apex_ghost.log
2026-07-09 11:29:00 | INFO | ApexGhostSystem | Project paths and database verified successfully.
2026-07-09 11:29:00 | INFO | ApexGhostSystem | Starting Apex Ghost CLI menu...
2026-07-09 11:34:56 | INFO | ApexGhostSystem | Apex Ghost stopped by user.
2026-07-09 11:35:01 | INFO | ApexGhostSystem | Logging system initialized.
2026-07-09 11:35:01 | INFO | ApexGhostSystem | Log file: C:\Users\tmvundla\Personal_Dev\ApexGhostSystem\logs\apex_ghost.log
2026-07-09 11:35:01 | INFO | ApexGhostSystem | Project paths and database verified successfully.
2026-07-09 11:35:01 | INFO | ApexGhostSystem | Starting Apex Ghost CLI menu...
2026-07-09 11:36:30 | INFO | ApexGhostSystem | Apex Ghost stopped by user.
2026-07-09 11:41:10 | INFO | ApexGhostSystem | Logging system initialized.
2026-07-09 11:41:10 | INFO | ApexGhostSystem | Log file: C:\Users\tmvundla\Personal_Dev\ApexGhostSystem\logs\apex_ghost.log
2026-07-09 11:41:10 | INFO | ApexGhostSystem | Project paths and database verified successfully.
2026-07-09 12:09:09 | INFO | ApexGhostSystem | Logging system initialized.
2026-07-09 12:09:09 | INFO | ApexGhostSystem | Log file: C:\Users\tmvundla\Personal_Dev\ApexGhostSystem\logs\apex_ghost.log
2026-07-09 12:09:09 | INFO | ApexGhostSystem | Project paths and database verified successfully.
2026-07-09 12:09:09 | INFO | ApexGhostSystem | Starting Apex Ghost CLI menu...
2026-07-09 12:18:58 | INFO | ApexGhostSystem | Apex Ghost stopped by user.
2026-07-12 18:12:28 | INFO | ApexGhostSystem | Logging system initialized.
2026-07-12 18:12:28 | INFO | ApexGhostSystem | Log file: C:\Users\tmvundla\Personal_Dev\ApexGhostSystem\logs\apex_ghost.log
2026-07-12 18:12:28 | INFO | ApexGhostSystem | Project paths and database verified successfully.
2026-07-12 18:12:29 | INFO | ApexGhostSystem | Starting Apex Ghost CLI menu...
2026-07-13 08:13:25 | INFO | ApexGhostSystem | Logging system initialized.
2026-07-13 08:13:25 | INFO | ApexGhostSystem | Log file: C:\Users\tmvundla\Personal_Dev\ApexGhostSystem\logs\apex_ghost.log
2026-07-13 08:13:25 | INFO | ApexGhostSystem | Project paths and database verified successfully.
2026-07-13 08:13:25 | INFO | ApexGhostSystem | Starting Apex Ghost CLI menu...
2026-07-13 08:33:46 | INFO | ApexGhostSystem | Apex Ghost stopped by user.
2026-07-13 08:36:26 | INFO | ApexGhostSystem | Logging system initialized.
2026-07-13 08:36:26 | INFO | ApexGhostSystem | Log file: C:\Users\tmvundla\Personal_Dev\ApexGhostSystem\logs\apex_ghost.log
2026-07-13 08:36:26 | INFO | ApexGhostSystem | Project paths and database verified successfully.
2026-07-13 08:36:26 | INFO | ApexGhostSystem | Starting Apex Ghost CLI menu...
2026-07-13 09:21:18 | INFO | ApexGhostSystem | Logging system initialized.
2026-07-13 09:21:18 | INFO | ApexGhostSystem | Log file: C:\Users\tmvundla\Personal_Dev\ApexGhostSystem\logs\apex_ghost.log
2026-07-13 09:21:18 | INFO | ApexGhostSystem | Project paths and database verified successfully.
2026-07-13 09:21:18 | INFO | ApexGhostSystem | Starting Apex Ghost CLI menu...
2026-07-13 09:27:26 | INFO | ApexGhostSystem | Logging system initialized.
2026-07-13 09:27:26 | INFO | ApexGhostSystem | Log file: C:\Users\tmvundla\Personal_Dev\ApexGhostSystem\logs\apex_ghost.log
2026-07-13 09:27:26 | INFO | ApexGhostSystem | Project paths and database verified successfully.
2026-07-13 09:27:26 | INFO | ApexGhostSystem | Starting Apex Ghost CLI menu...
2026-07-13 09:31:06 | INFO | ApexGhostSystem | Logging system initialized.
2026-07-13 09:31:06 | INFO | ApexGhostSystem | Log file: C:\Users\tmvundla\Personal_Dev\ApexGhostSystem\logs\apex_ghost.log
2026-07-13 09:31:06 | INFO | ApexGhostSystem | Project paths and database verified successfully.
2026-07-13 09:31:07 | INFO | ApexGhostSystem | Starting Apex Ghost CLI menu...
2026-07-13 11:01:34 | INFO | ApexGhostSystem | Apex Ghost stopped by user.
2026-07-13 11:01:40 | INFO | ApexGhostSystem | Logging system initialized.
2026-07-13 11:01:40 | INFO | ApexGhostSystem | Log file: C:\Users\tmvundla\Personal_Dev\ApexGhostSystem\logs\apex_ghost.log
2026-07-13 11:01:40 | INFO | ApexGhostSystem | Project paths and database verified successfully.
2026-07-13 11:01:40 | INFO | ApexGhostSystem | Starting Apex Ghost CLI menu...
2026-07-14 07:57:56 | INFO | ApexGhostSystem | Apex Ghost stopped by user.
2026-07-14 07:58:22 | INFO | ApexGhostSystem | Logging system initialized.
2026-07-14 07:58:22 | INFO | ApexGhostSystem | Log file: C:\Users\tmvundla\Personal_Dev\ApexGhostSystem\logs\apex_ghost.log
2026-07-14 07:58:22 | INFO | ApexGhostSystem | Project paths and database verified successfully.
2026-07-14 07:58:23 | INFO | ApexGhostSystem | Starting Apex Ghost CLI menu...
2026-07-14 08:05:01 | INFO | ApexGhostSystem | Logging system initialized.
2026-07-14 08:05:01 | INFO | ApexGhostSystem | Log file: C:\Users\tmvundla\Personal_Dev\ApexGhostSystem\logs\apex_ghost.log
2026-07-14 08:05:01 | INFO | ApexGhostSystem | Project paths and database verified successfully.
2026-07-14 08:05:01 | INFO | ApexGhostSystem | Starting Apex Ghost CLI menu...
2026-07-14 10:05:54 | INFO | ApexGhostSystem | Logging system initialized.
2026-07-14 10:05:54 | INFO | ApexGhostSystem | Log file: C:\Users\tmvundla\Personal_Dev\ApexGhostSystem\logs\apex_ghost.log
2026-07-14 10:05:54 | INFO | ApexGhostSystem | Project paths and database verified successfully.
2026-07-14 10:05:54 | INFO | ApexGhostSystem | Starting Apex Ghost CLI menu...
2026-07-14 10:06:52 | INFO | ApexGhostSystem | Logging system initialized.
2026-07-14 10:06:52 | INFO | ApexGhostSystem | Log file: C:\Users\tmvundla\Personal_Dev\ApexGhostSystem\logs\apex_ghost.log
2026-07-14 10:06:52 | INFO | ApexGhostSystem | Project paths and database verified successfully.
2026-07-14 10:06:52 | INFO | ApexGhostSystem | Starting Apex Ghost CLI menu...
2026-07-14 11:10:57 | INFO | ApexGhostSystem | Logging system initialized.
2026-07-14 11:10:57 | INFO | ApexGhostSystem | Log file: C:\Users\tmvundla\Personal_Dev\ApexGhostSystem\logs\apex_ghost.log
2026-07-14 11:10:57 | INFO | ApexGhostSystem | Project paths and database verified successfully.
2026-07-14 11:10:58 | INFO | ApexGhostSystem | Starting Apex Ghost CLI menu...
2026-07-14 11:14:28 | INFO | ApexGhostSystem | Logging system initialized.
2026-07-14 11:14:28 | INFO | ApexGhostSystem | Log file: C:\Users\tmvundla\Personal_Dev\ApexGhostSystem\logs\apex_ghost.log
2026-07-14 11:14:28 | INFO | ApexGhostSystem | Project paths and database verified successfully.
2026-07-14 11:14:28 | INFO | ApexGhostSystem | Starting Apex Ghost CLI menu...
2026-07-14 14:37:07 | INFO | ApexGhostSystem | Logging system initialized.
2026-07-14 14:37:07 | INFO | ApexGhostSystem | Log file: C:\Users\tmvundla\Personal_Dev\ApexGhostSystem\logs\apex_ghost.log
2026-07-14 14:37:07 | INFO | ApexGhostSystem | Project paths and database verified successfully.
2026-07-14 14:37:08 | INFO | ApexGhostSystem | Starting Apex Ghost CLI menu...
2026-07-20 09:50:39 | INFO | ApexGhostSystem | Logging system initialized.
2026-07-20 09:50:39 | INFO | ApexGhostSystem | Log file: C:\Users\tmvundla\Personal_Dev\ApexGhostSystem\logs\apex_ghost.log
2026-07-20 09:50:39 | INFO | ApexGhostSystem | Project paths and database verified successfully.
2026-07-20 09:50:39 | INFO | ApexGhostSystem | Starting Apex Ghost CLI menu...
2026-07-20 10:37:19 | INFO | ApexGhostSystem | Logging system initialized.
2026-07-20 10:37:19 | INFO | ApexGhostSystem | Log file: C:\Users\tmvundla\Personal_Dev\ApexGhostSystem\logs\apex_ghost.log
2026-07-20 10:37:19 | INFO | ApexGhostSystem | Project paths and database verified successfully.
2026-07-20 10:37:20 | INFO | ApexGhostSystem | Starting Apex Ghost CLI menu...
2026-07-20 10:47:44 | INFO | ApexGhostSystem | Logging system initialized.
2026-07-20 10:47:44 | INFO | ApexGhostSystem | Log file: C:\Users\tmvundla\Personal_Dev\ApexGhostSystem\logs\apex_ghost.log
2026-07-20 10:47:44 | INFO | ApexGhostSystem | Project paths and database verified successfully.
2026-07-20 10:47:44 | INFO | ApexGhostSystem | Starting Apex Ghost CLI menu...
2026-07-20 10:52:46 | INFO | ApexGhostSystem | Logging system initialized.
2026-07-20 10:52:46 | INFO | ApexGhostSystem | Log file: C:\Users\tmvundla\Personal_Dev\ApexGhostSystem\logs\apex_ghost.log
2026-07-20 10:52:46 | INFO | ApexGhostSystem | Project paths and database verified successfully.
2026-07-20 10:52:46 | INFO | ApexGhostSystem | Starting Apex Ghost CLI menu...
2026-07-20 11:08:12 | INFO | ApexGhostSystem | Logging system initialized.
2026-07-20 11:08:12 | INFO | ApexGhostSystem | Log file: C:\Users\tmvundla\Personal_Dev\ApexGhostSystem\logs\apex_ghost.log
2026-07-20 11:08:12 | INFO | ApexGhostSystem | Project paths and database verified successfully.
2026-07-20 11:08:12 | INFO | ApexGhostSystem | Starting Apex Ghost CLI menu...
2026-07-20 11:13:00 | INFO | ApexGhostSystem | Logging system initialized.
2026-07-20 11:13:00 | INFO | ApexGhostSystem | Log file: C:\Users\tmvundla\Personal_Dev\ApexGhostSystem\logs\apex_ghost.log
2026-07-20 11:13:00 | INFO | ApexGhostSystem | Project paths and database verified successfully.
2026-07-20 11:13:00 | INFO | ApexGhostSystem | Starting Apex Ghost CLI menu...
2026-07-20 14:55:49 | INFO | ApexGhostSystem | Logging system initialized.
2026-07-20 14:55:49 | INFO | ApexGhostSystem | Log file: C:\Users\tmvundla\Personal_Dev\ApexGhostSystem\logs\apex_ghost.log
2026-07-20 14:55:49 | INFO | ApexGhostSystem | Project paths and database verified successfully.
2026-07-20 14:55:50 | INFO | ApexGhostSystem | Starting Apex Ghost CLI menu...
2026-07-20 15:01:50 | INFO | ApexGhostSystem | Logging system initialized.
2026-07-20 15:01:50 | INFO | ApexGhostSystem | Log file: C:\Users\tmvundla\Personal_Dev\ApexGhostSystem\logs\apex_ghost.log
2026-07-20 15:01:50 | INFO | ApexGhostSystem | Project paths and database verified successfully.
2026-07-20 15:01:50 | INFO | ApexGhostSystem | Starting Apex Ghost CLI menu...
2026-07-20 15:09:15 | INFO | ApexGhostSystem | Logging system initialized.
2026-07-20 15:09:15 | INFO | ApexGhostSystem | Log file: C:\Users\tmvundla\Personal_Dev\ApexGhostSystem\logs\apex_ghost.log
2026-07-20 15:09:15 | INFO | ApexGhostSystem | Project paths and database verified successfully.
2026-07-20 15:09:15 | INFO | ApexGhostSystem | Starting Apex Ghost CLI menu...
2026-07-20 15:23:40 | INFO | ApexGhostSystem | Logging system initialized.
2026-07-20 15:23:40 | INFO | ApexGhostSystem | Log file: C:\Users\tmvundla\Personal_Dev\ApexGhostSystem\logs\apex_ghost.log
2026-07-20 15:23:40 | INFO | ApexGhostSystem | Project paths and database verified successfully.
2026-07-20 15:23:40 | INFO | ApexGhostSystem | Starting Apex Ghost CLI menu...
2026-07-27 08:57:04 | INFO | ApexGhostSystem | Logging system initialized.
2026-07-27 08:57:04 | INFO | ApexGhostSystem | Log file: C:\Users\tmvundla\Personal_Dev\ApexGhostSystem\logs\apex_ghost.log
2026-07-27 08:57:04 | INFO | ApexGhostSystem | Project paths and database verified successfully.
2026-07-27 08:57:05 | INFO | ApexGhostSystem | Starting Apex Ghost CLI menu...
2026-07-27 10:49:13 | INFO | ApexGhostSystem | Apex Ghost stopped by user.
2026-07-31 10:57:56 | INFO | ApexGhostSystem | Logging system initialized.
2026-07-31 10:57:56 | INFO | ApexGhostSystem | Log file: C:\Users\tmvundla\Personal_Dev\ApexGhostSystem\logs\apex_ghost.log
2026-07-31 10:57:56 | INFO | ApexGhostSystem | Project paths and database verified successfully.
2026-07-31 10:57:57 | INFO | ApexGhostSystem | Starting Apex Ghost CLI menu...
2026-07-31 11:30:13 | INFO | ApexGhostSystem | Apex Ghost stopped by user.
